src/components/Dashboard.tsx(1083,13): error TS17015: Expected corresponding closing tag for JSX fragment.
src/components/Dashboard.tsx(1083,16): error TS1382: Unexpected token. Did you mean `{'>'}` or `&gt;`?
src/components/Dashboard.tsx(1084,11): error TS1003: Identifier expected.
src/components/Dashboard.tsx(1445,10): error TS1381: Unexpected token. Did you mean `{'}'}` or `&rbrace;`?
src/components/Dashboard.tsx(1447,9): error TS17002: Expected corresponding JSX closing tag for 'div'.
src/components/Dashboard.tsx(1449,7): error TS1005: ')' expected.
src/components/Dashboard.tsx(1509,5): error TS1128: Declaration or statement expected.
src/components/Dashboard.tsx(1510,3): error TS1109: Expression expected.
src/components/Dashboard.tsx(1511,1): error TS1128: Declaration or statement expected.
